// 重构日志: b9a7108e
// 同步 ID: ca89ee4f @ Wed Jul 22 11:09:36 UTC 2026
// 同步 ID: a7db2ef3 @ Wed Jul 22 13:48:22 UTC 2026
// 同步 ID: 1c730a44 @ Thu Jul 23 17:50:01 UTC 2026
// 同步 ID: 1e8d8a34 @ Fri Jul 24 13:43:00 UTC 2026
// 重构日志: 9cf6274b
// 重构日志: 722dfd7f
// 重构日志: 4766f4bb
// 重构日志: 907d8578
// 重构日志: fd3fd652
// 重构日志: 8de705ab
// 重构日志: 79710060
// 重构日志: 653b755b
// 同步 ID: 882ddd0c @ Wed Jul 29 16:44:57 UTC 2026
// 重构日志: deffd6b0
// 重构日志: 148aaf41
// 重构日志: d33394dc
// 重构日志: 2a13a9d1
// 重构日志: 868ad3a7
// 重构日志: 3e9f8fb0
// 重构日志: 12070ec9
// 同步 ID: 21c6862f @ Mon Aug  3 11:35:09 UTC 2026
// 重构日志: 506ec221
// 重构日志: 6d931824
// 重构日志: c2245b62
// 重构日志: d3f313a4
// 重构日志: 2f159560
// 重构日志: 00bdbf61
// 同步 ID: 22696ed8 @ Fri Aug  7 11:11:13 UTC 2026
// 同步 ID: f5042836 @ Fri Aug  7 12:50:06 UTC 2026
// 重构日志: 9822e1d7
